{
  "authorization": "QUALIFICATION_ONLY",
  "cancellation_recovery_gate": true,
  "certified_lambda_range": false,
  "checkpoint_overhead_gate": true,
  "complete_path_wall_seconds": [
    7056.264349915,
    6161.940495518,
    7009.151388367
  ],
  "config_sha256": "d3299c06bcccda3d8387854456ef9a606f6089abac1500b50837970e6536fa1d",
  "counted_repetition_count": 3,
  "dependency_snapshot_sha256": "f184b7ef1efab265c7bc869ea7818474af472f5c5e2ad25333e6c1138c789517",
  "freeze_authorized": false,
  "fresh_checker_gate": true,
  "hard_three_hour_gate": true,
  "identity_stable": true,
  "mathematical_completion_gate": true,
  "maximum_2h45_gate": true,
  "maximum_complete_path_wall_seconds": 7056.264349915,
  "median_2h30_gate": true,
  "median_complete_path_wall_seconds": 7009.151388367,
  "microbenchmark_all_finite": true,
  "microbenchmark_nine_sample_gate": true,
  "microbenchmark_summary": [
    {
      "count": 9,
      "input_class": "narrow_box",
      "maximum": 2.9667394520001835,
      "median": 2.948561393000091,
      "minimum": 2.5732136319993515,
      "operation": "F_arb",
      "p90": 2.9667394520001835
    },
    {
      "count": 9,
      "input_class": "narrow_box",
      "maximum": 1.761939001000428,
      "median": 1.7569869750004727,
      "minimum": 1.552674905999993,
      "operation": "F_lambda_arb",
      "p90": 1.761939001000428
    },
    {
      "count": 9,
      "input_class": "narrow_box",
      "maximum": 1.8486958089997643,
      "median": 1.8425077390002116,
      "minimum": 1.6301934120001533,
      "operation": "F_r_arb",
      "p90": 1.8486958089997643
    },
    {
      "count": 9,
      "input_class": "narrow_box",
      "maximum": 3.814387348999844,
      "median": 3.7983148260000235,
      "minimum": 3.3584933510001065,
      "operation": "F_rlambda_arb",
      "p90": 3.814387348999844
    },
    {
      "count": 9,
      "input_class": "narrow_box",
      "maximum": 3.8744608850001896,
      "median": 3.8627479510005287,
      "minimum": 3.4156962370007022,
      "operation": "F_rr_arb",
      "p90": 3.8744608850001896
    },
    {
      "count": 9,
      "input_class": "point_center",
      "maximum": 2.9297027840002556,
      "median": 2.8895599910001692,
      "minimum": 2.5490062340004442,
      "operation": "F_arb",
      "p90": 2.9297027840002556
    },
    {
      "count": 9,
      "input_class": "point_center",
      "maximum": 1.7744395440004155,
      "median": 1.7643546409999544,
      "minimum": 1.5655738429995836,
      "operation": "F_lambda_arb",
      "p90": 1.7744395440004155
    },
    {
      "count": 9,
      "input_class": "point_center",
      "maximum": 1.8652073319999545,
      "median": 1.8569224740003847,
      "minimum": 1.6486896630003685,
      "operation": "F_r_arb",
      "p90": 1.8652073319999545
    },
    {
      "count": 9,
      "input_class": "point_center",
      "maximum": 3.962750093000068,
      "median": 3.9393320339995626,
      "minimum": 3.4903949740000826,
      "operation": "F_rlambda_arb",
      "p90": 3.962750093000068
    },
    {
      "count": 9,
      "input_class": "point_center",
      "maximum": 4.016216013000303,
      "median": 4.005995470000016,
      "minimum": 3.5532337060003556,
      "operation": "F_rr_arb",
      "p90": 4.016216013000303
    }
  ],
  "plan_sha256": "076a32e4dcba0ced52387e9effbe87a4460b94b3225983772cd28abf0c91d3e2",
  "production_rehearsal_authorized": false,
  "required_repetition_count": 3,
  "schema": "ITEM3_SWEEP_V9_PERFORMANCE_GATE_REPORT_V1",
  "status": "PASSED",
  "tag_created": false,
  "validation_256_leaf_gate": true,
  "validation_report_sha256": "e09aa3dcb36a5f75c6cf30a3093ff9f902c959049ab413386d3c9377d27c9614",
  "workflow_sha256": "3583cfb37c3ae010c740c006609dc649f57f9608f79b59424f1fe759398bf2d2"
}
