{
  "authorization": "QUALIFICATION_ONLY",
  "cancellation_recovery_gate": true,
  "certified_lambda_range": false,
  "checkpoint_overhead_gate": true,
  "complete_path_wall_seconds": [
    7034.768047282,
    7032.994814054,
    6191.929993377
  ],
  "config_sha256": "fc247bf09fba7202a11cefbc50948d9ce6834487c8de84e3b48087862c1783ea",
  "counted_repetition_count": 3,
  "dependency_snapshot_sha256": "ee033ab46b844168887a6e2e1f5a2b97cc460d1b43bbafd77be49897127950aa",
  "flint_library_gate": true,
  "freeze_authorized": false,
  "fresh_checker_gate": true,
  "hard_three_hour_gate": true,
  "identity_stable": true,
  "mathematical_completion_gate": true,
  "maximum_2h45_gate": true,
  "maximum_complete_path_wall_seconds": 7034.768047282,
  "median_2h30_gate": true,
  "median_complete_path_wall_seconds": 7032.994814054,
  "microbenchmark_all_finite": true,
  "microbenchmark_nine_sample_gate": true,
  "microbenchmark_summary": [
    {
      "count": 9,
      "input_class": "narrow_box",
      "maximum": 3.020352894000098,
      "median": 2.945542512999964,
      "minimum": 2.580619710999599,
      "operation": "F_arb",
      "p90": 3.020352894000098
    },
    {
      "count": 9,
      "input_class": "narrow_box",
      "maximum": 1.776707308999903,
      "median": 1.7615991949996896,
      "minimum": 1.5513578169993707,
      "operation": "F_lambda_arb",
      "p90": 1.776707308999903
    },
    {
      "count": 9,
      "input_class": "narrow_box",
      "maximum": 1.8704564390000087,
      "median": 1.849782532000063,
      "minimum": 1.6332552759995451,
      "operation": "F_r_arb",
      "p90": 1.8704564390000087
    },
    {
      "count": 9,
      "input_class": "narrow_box",
      "maximum": 3.8326956840001003,
      "median": 3.807474948000163,
      "minimum": 3.367724360000466,
      "operation": "F_rlambda_arb",
      "p90": 3.8326956840001003
    },
    {
      "count": 9,
      "input_class": "narrow_box",
      "maximum": 3.9105695459993512,
      "median": 3.86710426099944,
      "minimum": 3.42382509700019,
      "operation": "F_rr_arb",
      "p90": 3.9105695459993512
    },
    {
      "count": 9,
      "input_class": "point_center",
      "maximum": 2.939416631000313,
      "median": 2.904461294000612,
      "minimum": 2.5438010380003107,
      "operation": "F_arb",
      "p90": 2.939416631000313
    },
    {
      "count": 9,
      "input_class": "point_center",
      "maximum": 1.8021554819997618,
      "median": 1.7789301359998717,
      "minimum": 1.5689199669996015,
      "operation": "F_lambda_arb",
      "p90": 1.8021554819997618
    },
    {
      "count": 9,
      "input_class": "point_center",
      "maximum": 1.8848228179995203,
      "median": 1.8650617379998948,
      "minimum": 1.6513489549997757,
      "operation": "F_r_arb",
      "p90": 1.8848228179995203
    },
    {
      "count": 9,
      "input_class": "point_center",
      "maximum": 3.983247092000056,
      "median": 3.9540193299999373,
      "minimum": 3.512127781000345,
      "operation": "F_rlambda_arb",
      "p90": 3.983247092000056
    },
    {
      "count": 9,
      "input_class": "point_center",
      "maximum": 4.043614606000119,
      "median": 4.031434528999853,
      "minimum": 3.569560193000143,
      "operation": "F_rr_arb",
      "p90": 4.043614606000119
    }
  ],
  "plan_sha256": "e49d2405d5138fff6e908575bc2cb443fbc49f7eaa6b2f895f0c19f71c4cae11",
  "production_rehearsal_authorized": false,
  "required_repetition_count": 3,
  "schema": "ITEM3_SWEEP_V9_PERFORMANCE_GATE_REPORT_V2",
  "status": "PASSED",
  "tag_created": false,
  "validation_256_leaf_gate": true,
  "validation_report_sha256": "8ed790c122c54c49c598291bedbdf1cc5677be8ff6cd019a47e938baae809d65",
  "workflow_sha256": "cce3a30cb3cb5a01d983e9f61f9315231e011db036729cd39751b15330617c3e"
}
