B44 built: 44 points, G4 all pass
14,13,0	POSITIVE	H_B=1.1566074556976431	
15,13,0	POSITIVE	H_B=1.1490825382748096	
14,13,5	POSITIVE	H_B=1.1353742362116155	
15,13,5	POSITIVE	H_B=1.1272100234129108	
14,13,10	POSITIVE	H_B=1.1119549337306025	
15,13,10	POSITIVE	H_B=1.1031610046675262	
14,13,15	POSITIVE	H_B=1.0866965888356728	
15,13,15	POSITIVE	H_B=1.0772845771698554	
9,14,0	POSITIVE	H_B=1.192364278897567	
10,14,0	POSITIVE	H_B=1.1854807318634983	
11,14,0	POSITIVE	H_B=1.1784851128510685	
12,14,0	POSITIVE	H_B=1.1713718784349807	
13,14,0	POSITIVE	H_B=1.1641339796826777	
14,14,0	POSITIVE	H_B=1.1567617705798454	
15,14,0	POSITIVE	H_B=1.1492399084078488	
9,14,5	POSITIVE	H_B=1.1741545471817687	
10,14,5	POSITIVE	H_B=1.166685047325594	
11,14,5	POSITIVE	H_B=1.1590943003036018	
12,14,5	POSITIVE	H_B=1.1513762402314283	
13,14,5	POSITIVE	H_B=1.1435231433861324	
14,14,5	POSITIVE	H_B=1.1355244247538738	
15,14,5	POSITIVE	H_B=1.1273632196484482	
9,14,10	POSITIVE	H_B=1.1537097692013825	
10,14,10	POSITIVE	H_B=1.1456639992296522	
11,14,10	POSITIVE	H_B=1.1374878427274715	
12,14,10	POSITIVE	H_B=1.1291746925109365	
13,14,10	POSITIVE	H_B=1.1207161243692978	
14,14,10	POSITIVE	H_B=1.112100576458656	
15,14,10	POSITIVE	H_B=1.1033095969207622	
10,14,15	POSITIVE	H_B=1.1227566426773936	
11,14,15	POSITIVE	H_B=1.114006781694412	
12,14,15	POSITIVE	H_B=1.105110279876714	
13,14,15	POSITIVE	H_B=1.0960579872433749	
14,14,15	POSITIVE	H_B=1.0868373278170123	
15,14,15	POSITIVE	H_B=1.0774281980665825	
13,15,0	POSITIVE	H_B=1.1642088014829668	
14,15,0	POSITIVE	H_B=1.1568380719653253	
15,15,0	POSITIVE	H_B=1.1493177203756815	
14,15,5	POSITIVE	H_B=1.1355986860126723	
15,15,5	POSITIVE	H_B=1.1274389679817396	
14,15,10	POSITIVE	H_B=1.1121725901678037	
15,15,10	POSITIVE	H_B=1.10338306895013	
14,15,15	POSITIVE	H_B=1.0869069169817833	
15,15,15	POSITIVE	H_B=1.0774992121287308	
SUMMARY {"counts": {"INCONCLUSIVE": 0, "NEGATIVE": 0, "POSITIVE": 44}, "elapsed_seconds": 1.0, "gate": "P0-A", "label": "DIAGNOSTIC / NOT_EVIDENCE", "utc_end": "2026-09-29T02:21:08Z"}
