{"C2_classes": {"A": 2, "N": 7}, "alias": "D-rho-1-8 -> C0", "baseline_row": "C0 is an explicit executable candidate", "checks": ["A2_TYPE_PRECHECK_OK", "A2_TYPE_PRECHECK_OK", "SECTION9_SCHEMA_OK"], "counts": {"C1": 192, "C2": 9, "C3": 44, "C4": 7, "C5": 199}, "host": "daybreak-works", "label": "DIAGNOSTIC / NOT_EVIDENCE", "producer_sha": {"C-regular": "b7ad3fbf7ca41539b43959fd3645a2e34d397decb175cf7511daa127cb6297d2", "base": "dff79bc40d78d53a1491c3edbe368034b2d28a4894da45ac13b3b04c3ad0f19b"}}
Traceback (most recent call last):
  File "/tmp/dob-p2-comparison-clean/tools/d_ob_p2/candidate_comparison_driver.py", line 214, in <module>
    if __name__=="__main__": raise SystemExit(main())
                                              ^^^^^^
  File "/tmp/dob-p2-comparison-clean/tools/d_ob_p2/candidate_comparison_driver.py", line 213, in main
    return execute_set(a,cfg,a.candidate,c1,c2,c3,c4,c5,c4j)
           ^^^^^^^^^^^^^^^^^^^^^^^^^^^^^^^^^^^^^^^^^^^^^^^^^
  File "/tmp/dob-p2-comparison-clean/tools/d_ob_p2/candidate_comparison_driver.py", line 193, in execute_set
    for z in todo: out.append(run_one(m,c,cid,*z))
                              ^^^^^^^^^^^^^^^^^^^
  File "/tmp/dob-p2-comparison-clean/tools/d_ob_p2/candidate_comparison_driver.py", line 124, in run_one
    t0=time.process_time(); cells,data=m.refine_cells(B); cpu=time.process_time()-t0
                                       ^^^^^^^^^^^^^^^^^
  File "/home/daybreak/bg-oblate-spheroid-c1b/producer/d_ob_p2_producer.py", line 355, in refine_cells
    data=classify_and_bound(B,cells)
         ^^^^^^^^^^^^^^^^^^^^^^^^^^^
  File "/home/daybreak/bg-oblate-spheroid-c1b/producer/d_ob_p2_producer.py", line 326, in classify_and_bound
    c,cbar,R=centre_radius(B,column)
             ^^^^^^^^^^^^^^^^^^^^^^^
  File "/home/daybreak/bg-oblate-spheroid-c1b/producer/d_ob_p2_producer.py", line 195, in centre_radius
    R=ceil_sqrt_fraction_scaled(r2)
      ^^^^^^^^^^^^^^^^^^^^^^^^^^^^^
  File "/home/daybreak/bg-oblate-spheroid-c1b/producer/d_ob_p2_producer.py", line 114, in ceil_sqrt_fraction_scaled
    raise ValueError("R2 must be positive")
ValueError: R2 must be positive
